Time resolution is 1 ps

============================================================
             H_FUNCTION RTL VERIFICATION START
============================================================
Input file  : D:/TAI_LIEU/DU_AN_XU_LY_TINHIEU/XU_LY_TIN_HIEU_FPGA/IP_FPGA/H_function/C_Modeling/input_data.txt
Golden file : D:/TAI_LIEU/DU_AN_XU_LY_TINHIEU/XU_LY_TIN_HIEU_FPGA/IP_FPGA/H_function/C_Modeling/golden_output.txt
------------------------------------------------------------
[PASS] Test 1 : DUT = bff7baef, GOLDEN = bff7baef
[PASS] Test 2 : DUT = bfb4af7e, GOLDEN = bfb4af7e
[PASS] Test 3 : DUT = 7f7bfddc, GOLDEN = 7f7bfddc
[PASS] Test 4 : DUT = 3ff395ff, GOLDEN = 3ff395ff
[PASS] Test 5 : DUT = 667feef9, GOLDEN = 667feef9
[PASS] Test 6 : DUT = 5eb6bb9f, GOLDEN = 5eb6bb9f
[PASS] Test 7 : DUT = d7fd9ed7, GOLDEN = d7fd9ed7
[PASS] Test 8 : DUT = fce7bffd, GOLDEN = fce7bffd
[PASS] Test 9 : DUT = b7f87f3f, GOLDEN = b7f87f3f
[PASS] Test 10 : DUT = fbbf5df5, GOLDEN = fbbf5df5
[PASS] Test 11 : DUT = b9bbf72f, GOLDEN = b9bbf72f
[PASS] Test 12 : DUT = 52b779d7, GOLDEN = 52b779d7
[PASS] Test 13 : DUT = fcf379fb, GOLDEN = fcf379fb
[PASS] Test 14 : DUT = ffeb2ffe, GOLDEN = ffeb2ffe
[PASS] Test 15 : DUT = 7efd57b5, GOLDEN = 7efd57b5
[PASS] Test 16 : DUT = abfdfabb, GOLDEN = abfdfabb
[PASS] Test 17 : DUT = ffdf7fb9, GOLDEN = ffdf7fb9
[PASS] Test 18 : DUT = efdf17ff, GOLDEN = efdf17ff
[PASS] Test 19 : DUT = cfedf35b, GOLDEN = cfedf35b
[PASS] Test 20 : DUT = b7b2fe91, GOLDEN = b7b2fe91
[PASS] Test 21 : DUT = fffffbff, GOLDEN = fffffbff
[PASS] Test 22 : DUT = fbf64f49, GOLDEN = fbf64f49
[PASS] Test 23 : DUT = 7c475ffd, GOLDEN = 7c475ffd
[PASS] Test 24 : DUT = ffe15ff0, GOLDEN = ffe15ff0
[PASS] Test 25 : DUT = a7db7fd3, GOLDEN = a7db7fd3
[PASS] Test 26 : DUT = 7ffd3af7, GOLDEN = 7ffd3af7
[PASS] Test 27 : DUT = b7bfb53d, GOLDEN = b7bfb53d
[PASS] Test 28 : DUT = befbf16e, GOLDEN = befbf16e
[PASS] Test 29 : DUT = fffafedb, GOLDEN = fffafedb
[PASS] Test 30 : DUT = e72ff7df, GOLDEN = e72ff7df
[PASS] Test 31 : DUT = 47235fef, GOLDEN = 47235fef
[PASS] Test 32 : DUT = 5dff7bfe, GOLDEN = 5dff7bfe
[PASS] Test 33 : DUT = 7a7dfd34, GOLDEN = 7a7dfd34
[PASS] Test 34 : DUT = eefe7df9, GOLDEN = eefe7df9
[PASS] Test 35 : DUT = f3f361e7, GOLDEN = f3f361e7
[PASS] Test 36 : DUT = 3aba3ff6, GOLDEN = 3aba3ff6
[PASS] Test 37 : DUT = 7bf5bd5f, GOLDEN = 7bf5bd5f
[PASS] Test 38 : DUT = 7df29ffe, GOLDEN = 7df29ffe
[PASS] Test 39 : DUT = be7b5fab, GOLDEN = be7b5fab
[PASS] Test 40 : DUT = fdddfe7f, GOLDEN = fdddfe7f
[PASS] Test 41 : DUT = 57bfb2dc, GOLDEN = 57bfb2dc
[PASS] Test 42 : DUT = fadae7dd, GOLDEN = fadae7dd
[PASS] Test 43 : DUT = 5e73eb6e, GOLDEN = 5e73eb6e
[PASS] Test 44 : DUT = fefe8dff, GOLDEN = fefe8dff
[PASS] Test 45 : DUT = f8d9dfea, GOLDEN = f8d9dfea
[PASS] Test 46 : DUT = 377966fb, GOLDEN = 377966fb
[PASS] Test 47 : DUT = 5aff7d9f, GOLDEN = 5aff7d9f
[PASS] Test 48 : DUT = 6f59fd5c, GOLDEN = 6f59fd5c
[PASS] Test 49 : DUT = afbcdf9c, GOLDEN = afbcdf9c
[PASS] Test 50 : DUT = 6d9f7bdd, GOLDEN = 6d9f7bdd
[PASS] Test 51 : DUT = 7ff7e7fb, GOLDEN = 7ff7e7fb
[PASS] Test 52 : DUT = ddff51fe, GOLDEN = ddff51fe
[PASS] Test 53 : DUT = 7fbf7eff, GOLDEN = 7fbf7eff
[PASS] Test 54 : DUT = db5ca7fe, GOLDEN = db5ca7fe
[PASS] Test 55 : DUT = eed737bf, GOLDEN = eed737bf
[PASS] Test 56 : DUT = 7e5dfc3b, GOLDEN = 7e5dfc3b
[PASS] Test 57 : DUT = 77aa75fb, GOLDEN = 77aa75fb
[PASS] Test 58 : DUT = 7f7f7bfa, GOLDEN = 7f7f7bfa
[PASS] Test 59 : DUT = fab967bc, GOLDEN = fab967bc
[PASS] Test 60 : DUT = 59f3ef7f, GOLDEN = 59f3ef7f
[PASS] Test 61 : DUT = cbff7bff, GOLDEN = cbff7bff
[PASS] Test 62 : DUT = 3fcf7fff, GOLDEN = 3fcf7fff
[PASS] Test 63 : DUT = cbfeb9fb, GOLDEN = cbfeb9fb
[PASS] Test 64 : DUT = ffeff5fb, GOLDEN = ffeff5fb
[PASS] Test 65 : DUT = b7feffa5, GOLDEN = b7feffa5
[PASS] Test 66 : DUT = 6ddffebb, GOLDEN = 6ddffebb
[PASS] Test 67 : DUT = 7cddd9cf, GOLDEN = 7cddd9cf
[PASS] Test 68 : DUT = 71ff7d5f, GOLDEN = 71ff7d5f
[PASS] Test 69 : DUT = 6e7fbef7, GOLDEN = 6e7fbef7
[PASS] Test 70 : DUT = 7f2c6797, GOLDEN = 7f2c6797
[PASS] Test 71 : DUT = 5d8adb75, GOLDEN = 5d8adb75
[PASS] Test 72 : DUT = 856df3de, GOLDEN = 856df3de
[PASS] Test 73 : DUT = 36ff5ffb, GOLDEN = 36ff5ffb
[PASS] Test 74 : DUT = 7d2bf2e7, GOLDEN = 7d2bf2e7
[PASS] Test 75 : DUT = 79ff5ed7, GOLDEN = 79ff5ed7
[PASS] Test 76 : DUT = 4dff7dff, GOLDEN = 4dff7dff
[PASS] Test 77 : DUT = 4aef6fd0, GOLDEN = 4aef6fd0
[PASS] Test 78 : DUT = 777b7fbb, GOLDEN = 777b7fbb
[PASS] Test 79 : DUT = 6d6f1fff, GOLDEN = 6d6f1fff
[PASS] Test 80 : DUT = f7baaff7, GOLDEN = f7baaff7
[PASS] Test 81 : DUT = 2deb5fb4, GOLDEN = 2deb5fb4
[PASS] Test 82 : DUT = 9b3a7737, GOLDEN = 9b3a7737
[PASS] Test 83 : DUT = 7fc77fbb, GOLDEN = 7fc77fbb
[PASS] Test 84 : DUT = 57e7fb4b, GOLDEN = 57e7fb4b
[PASS] Test 85 : DUT = 5e8d7efb, GOLDEN = 5e8d7efb
[PASS] Test 86 : DUT = f1af31d9, GOLDEN = f1af31d9
[PASS] Test 87 : DUT = e36f5f6e, GOLDEN = e36f5f6e
[PASS] Test 88 : DUT = edfe37ff, GOLDEN = edfe37ff
[PASS] Test 89 : DUT = 78eebefa, GOLDEN = 78eebefa
[PASS] Test 90 : DUT = d4de3bbf, GOLDEN = d4de3bbf
[PASS] Test 91 : DUT = 3ff3df6b, GOLDEN = 3ff3df6b
[PASS] Test 92 : DUT = 4f7b7abf, GOLDEN = 4f7b7abf
[PASS] Test 93 : DUT = 3bff3f1e, GOLDEN = 3bff3f1e
[PASS] Test 94 : DUT = 6efdd7ff, GOLDEN = 6efdd7ff
[PASS] Test 95 : DUT = f5ff7dff, GOLDEN = f5ff7dff
[PASS] Test 96 : DUT = 6ff76fdc, GOLDEN = 6ff76fdc
[PASS] Test 97 : DUT = 6ecd7ff0, GOLDEN = 6ecd7ff0
[PASS] Test 98 : DUT = bf9fb5de, GOLDEN = bf9fb5de
[PASS] Test 99 : DUT = deebbffb, GOLDEN = deebbffb
[PASS] Test 100 : DUT = 7e6343af, GOLDEN = 7e6343af
[PASS] Test 101 : DUT = fcf16fa2, GOLDEN = fcf16fa2
[PASS] Test 102 : DUT = 7d9b7d35, GOLDEN = 7d9b7d35
[PASS] Test 103 : DUT = df7a9b7f, GOLDEN = df7a9b7f
[PASS] Test 104 : DUT = 97f779ff, GOLDEN = 97f779ff
[PASS] Test 105 : DUT = c9ff5ef7, GOLDEN = c9ff5ef7
[PASS] Test 106 : DUT = 476e77df, GOLDEN = 476e77df
[PASS] Test 107 : DUT = 1ebd5ffd, GOLDEN = 1ebd5ffd
[PASS] Test 108 : DUT = 66fff9cd, GOLDEN = 66fff9cd
[PASS] Test 109 : DUT = 1ff7ed2f, GOLDEN = 1ff7ed2f
[PASS] Test 110 : DUT = ebed9bf3, GOLDEN = ebed9bf3
[PASS] Test 111 : DUT = 4dae57ec, GOLDEN = 4dae57ec
[PASS] Test 112 : DUT = bbe797f7, GOLDEN = bbe797f7
[PASS] Test 113 : DUT = f4df52ef, GOLDEN = f4df52ef
[PASS] Test 114 : DUT = cbbf8dbf, GOLDEN = cbbf8dbf
[PASS] Test 115 : DUT = 9fffefed, GOLDEN = 9fffefed
[PASS] Test 116 : DUT = a6ce7f4f, GOLDEN = a6ce7f4f
[PASS] Test 117 : DUT = 31fc7ff3, GOLDEN = 31fc7ff3
[PASS] Test 118 : DUT = 798ffffb, GOLDEN = 798ffffb
[PASS] Test 119 : DUT = 5e7f7d6e, GOLDEN = 5e7f7d6e
[PASS] Test 120 : DUT = 1cbe6ffd, GOLDEN = 1cbe6ffd
[PASS] Test 121 : DUT = 57377b5e, GOLDEN = 57377b5e
[PASS] Test 122 : DUT = feebd7f7, GOLDEN = feebd7f7
[PASS] Test 123 : DUT = 7f27b4ff, GOLDEN = 7f27b4ff
[PASS] Test 124 : DUT = 71e5c9ff, GOLDEN = 71e5c9ff
[PASS] Test 125 : DUT = fbfd76bf, GOLDEN = fbfd76bf
[PASS] Test 126 : DUT = 777f7edf, GOLDEN = 777f7edf
[PASS] Test 127 : DUT = 6efe73d3, GOLDEN = 6efe73d3
[PASS] Test 128 : DUT = df77d5d3, GOLDEN = df77d5d3
[PASS] Test 129 : DUT = 67397fff, GOLDEN = 67397fff
[PASS] Test 130 : DUT = 7bf8ffff, GOLDEN = 7bf8ffff
[PASS] Test 131 : DUT = ef753f7d, GOLDEN = ef753f7d
[PASS] Test 132 : DUT = 6d3ffdef, GOLDEN = 6d3ffdef
[PASS] Test 133 : DUT = 7f77dec6, GOLDEN = 7f77dec6
[PASS] Test 134 : DUT = f3ffffc7, GOLDEN = f3ffffc7
[PASS] Test 135 : DUT = 776f9fbf, GOLDEN = 776f9fbf
[PASS] Test 136 : DUT = ebd55f67, GOLDEN = ebd55f67
[PASS] Test 137 : DUT = cffb17ff, GOLDEN = cffb17ff
[PASS] Test 138 : DUT = f3df74da, GOLDEN = f3df74da
[PASS] Test 139 : DUT = 7daf52fc, GOLDEN = 7daf52fc
[PASS] Test 140 : DUT = e3fb73de, GOLDEN = e3fb73de
[PASS] Test 141 : DUT = 7f7f7279, GOLDEN = 7f7f7279
[PASS] Test 142 : DUT = 7ffedffd, GOLDEN = 7ffedffd
[PASS] Test 143 : DUT = 7dcfff3f, GOLDEN = 7dcfff3f
[PASS] Test 144 : DUT = 1e1e7bf8, GOLDEN = 1e1e7bf8
[PASS] Test 145 : DUT = 4b7bdef3, GOLDEN = 4b7bdef3
[PASS] Test 146 : DUT = efffffeb, GOLDEN = efffffeb
[PASS] Test 147 : DUT = dffedbbc, GOLDEN = dffedbbc
[PASS] Test 148 : DUT = f6fd7fde, GOLDEN = f6fd7fde
[PASS] Test 149 : DUT = ff0f75ff, GOLDEN = ff0f75ff
[PASS] Test 150 : DUT = f77e4afe, GOLDEN = f77e4afe
[PASS] Test 151 : DUT = ffe73f57, GOLDEN = ffe73f57
[PASS] Test 152 : DUT = 7ff76edf, GOLDEN = 7ff76edf
[PASS] Test 153 : DUT = e32fffee, GOLDEN = e32fffee
[PASS] Test 154 : DUT = 7ef76bff, GOLDEN = 7ef76bff
[PASS] Test 155 : DUT = 5ffdcaf1, GOLDEN = 5ffdcaf1
[PASS] Test 156 : DUT = befb2ffe, GOLDEN = befb2ffe
[PASS] Test 157 : DUT = 57b7ff7d, GOLDEN = 57b7ff7d
[PASS] Test 158 : DUT = 7ff74f3f, GOLDEN = 7ff74f3f
[PASS] Test 159 : DUT = 3fba6fbe, GOLDEN = 3fba6fbe
[PASS] Test 160 : DUT = f97fbbef, GOLDEN = f97fbbef
[PASS] Test 161 : DUT = 7d3b77f4, GOLDEN = 7d3b77f4
[PASS] Test 162 : DUT = 699b977f, GOLDEN = 699b977f
[PASS] Test 163 : DUT = 7fefebff, GOLDEN = 7fefebff
[PASS] Test 164 : DUT = f4abb7ff, GOLDEN = f4abb7ff
[PASS] Test 165 : DUT = 6af57c7b, GOLDEN = 6af57c7b
[PASS] Test 166 : DUT = 7efa4cfe, GOLDEN = 7efa4cfe
[PASS] Test 167 : DUT = fe7cffdf, GOLDEN = fe7cffdf
[PASS] Test 168 : DUT = 6ebf4f13, GOLDEN = 6ebf4f13
[PASS] Test 169 : DUT = 6dbbfffb, GOLDEN = 6dbbfffb
[PASS] Test 170 : DUT = dfbab6be, GOLDEN = dfbab6be
[PASS] Test 171 : DUT = 47ffda7b, GOLDEN = 47ffda7b
[PASS] Test 172 : DUT = fffd7ed3, GOLDEN = fffd7ed3
[PASS] Test 173 : DUT = bdbfbfbe, GOLDEN = bdbfbfbe
[PASS] Test 174 : DUT = 7e52552f, GOLDEN = 7e52552f
[PASS] Test 175 : DUT = 9bff25e7, GOLDEN = 9bff25e7
[PASS] Test 176 : DUT = 7a4fc57e, GOLDEN = 7a4fc57e
[PASS] Test 177 : DUT = 777bffbb, GOLDEN = 777bffbb
[PASS] Test 178 : DUT = 7dff8f7d, GOLDEN = 7dff8f7d
[PASS] Test 179 : DUT = 773a593f, GOLDEN = 773a593f
[PASS] Test 180 : DUT = 79ff6fd7, GOLDEN = 79ff6fd7
[PASS] Test 181 : DUT = d7fff16d, GOLDEN = d7fff16d
[PASS] Test 182 : DUT = fe3fbfea, GOLDEN = fe3fbfea
[PASS] Test 183 : DUT = 5fb6af8b, GOLDEN = 5fb6af8b
[PASS] Test 184 : DUT = 57cffcba, GOLDEN = 57cffcba
[PASS] Test 185 : DUT = 7fe7ef7f, GOLDEN = 7fe7ef7f
[PASS] Test 186 : DUT = 7dfdbfbe, GOLDEN = 7dfdbfbe
[PASS] Test 187 : DUT = 67fb459c, GOLDEN = 67fb459c
[PASS] Test 188 : DUT = de777f9a, GOLDEN = de777f9a
[PASS] Test 189 : DUT = fbff5dbc, GOLDEN = fbff5dbc
[PASS] Test 190 : DUT = efdbfbff, GOLDEN = efdbfbff
[PASS] Test 191 : DUT = 8b6febff, GOLDEN = 8b6febff
[PASS] Test 192 : DUT = debef6cf, GOLDEN = debef6cf
[PASS] Test 193 : DUT = f7bf1edf, GOLDEN = f7bf1edf
[PASS] Test 194 : DUT = def5ffdb, GOLDEN = def5ffdb
[PASS] Test 195 : DUT = b9637fad, GOLDEN = b9637fad
[PASS] Test 196 : DUT = f7dbff7c, GOLDEN = f7dbff7c
[PASS] Test 197 : DUT = 6fd778f6, GOLDEN = 6fd778f6
[PASS] Test 198 : DUT = 7dee33db, GOLDEN = 7dee33db
[PASS] Test 199 : DUT = 9fcf05bd, GOLDEN = 9fcf05bd
[PASS] Test 200 : DUT = 5c47baf7, GOLDEN = 5c47baf7
[PASS] Test 201 : DUT = 3bfc4f0e, GOLDEN = 3bfc4f0e
[PASS] Test 202 : DUT = f7ff7eff, GOLDEN = f7ff7eff
[PASS] Test 203 : DUT = efe37d7d, GOLDEN = efe37d7d
[PASS] Test 204 : DUT = be9a4b32, GOLDEN = be9a4b32
[PASS] Test 205 : DUT = a97f27f7, GOLDEN = a97f27f7
[PASS] Test 206 : DUT = f2e79f6e, GOLDEN = f2e79f6e
[PASS] Test 207 : DUT = d6de3bfb, GOLDEN = d6de3bfb
[PASS] Test 208 : DUT = 7dff7fff, GOLDEN = 7dff7fff
[PASS] Test 209 : DUT = 5be7ebfe, GOLDEN = 5be7ebfe
[PASS] Test 210 : DUT = 5fdf9e3e, GOLDEN = 5fdf9e3e
[PASS] Test 211 : DUT = 7b7d762e, GOLDEN = 7b7d762e
[PASS] Test 212 : DUT = bd9b7fec, GOLDEN = bd9b7fec
[PASS] Test 213 : DUT = f773ffed, GOLDEN = f773ffed
[PASS] Test 214 : DUT = 6fb7ddf7, GOLDEN = 6fb7ddf7
[PASS] Test 215 : DUT = 7fff43ff, GOLDEN = 7fff43ff
[PASS] Test 216 : DUT = f5db8fff, GOLDEN = f5db8fff
[PASS] Test 217 : DUT = cf7ae9ff, GOLDEN = cf7ae9ff
[PASS] Test 218 : DUT = eacd7ff5, GOLDEN = eacd7ff5
[PASS] Test 219 : DUT = b2ff5ded, GOLDEN = b2ff5ded
[PASS] Test 220 : DUT = f6ff2f63, GOLDEN = f6ff2f63
[PASS] Test 221 : DUT = 6f7d7378, GOLDEN = 6f7d7378
[PASS] Test 222 : DUT = ff4f6bfe, GOLDEN = ff4f6bfe
[PASS] Test 223 : DUT = a7d777b5, GOLDEN = a7d777b5
[PASS] Test 224 : DUT = f65d77d4, GOLDEN = f65d77d4
[PASS] Test 225 : DUT = 7fe57ffc, GOLDEN = 7fe57ffc
[PASS] Test 226 : DUT = aeffbea3, GOLDEN = aeffbea3
[PASS] Test 227 : DUT = ffe93d7f, GOLDEN = ffe93d7f
[PASS] Test 228 : DUT = 779eeff6, GOLDEN = 779eeff6
[PASS] Test 229 : DUT = efb7efef, GOLDEN = efb7efef
[PASS] Test 230 : DUT = bfbeb9fd, GOLDEN = bfbeb9fd
[PASS] Test 231 : DUT = f7aff5fe, GOLDEN = f7aff5fe
[PASS] Test 232 : DUT = bf4f67ff, GOLDEN = bf4f67ff
[PASS] Test 233 : DUT = e7af7e66, GOLDEN = e7af7e66
[PASS] Test 234 : DUT = b4ef9bfb, GOLDEN = b4ef9bfb
[PASS] Test 235 : DUT = ff7bfa7f, GOLDEN = ff7bfa7f
[PASS] Test 236 : DUT = 79e3bcb5, GOLDEN = 79e3bcb5
[PASS] Test 237 : DUT = 738bfa37, GOLDEN = 738bfa37
[PASS] Test 238 : DUT = dfbdffff, GOLDEN = dfbdffff
[PASS] Test 239 : DUT = 7bbaeff4, GOLDEN = 7bbaeff4
[PASS] Test 240 : DUT = 5cff5bf9, GOLDEN = 5cff5bf9
[PASS] Test 241 : DUT = ffffff0f, GOLDEN = ffffff0f
[PASS] Test 242 : DUT = 1fb3e74f, GOLDEN = 1fb3e74f
[PASS] Test 243 : DUT = bdfbe777, GOLDEN = bdfbe777
[PASS] Test 244 : DUT = b6ef3bfd, GOLDEN = b6ef3bfd
[PASS] Test 245 : DUT = 5f7b6efb, GOLDEN = 5f7b6efb
[PASS] Test 246 : DUT = 1dff7fef, GOLDEN = 1dff7fef
[PASS] Test 247 : DUT = edbffeff, GOLDEN = edbffeff
[PASS] Test 248 : DUT = ffd23eea, GOLDEN = ffd23eea
[PASS] Test 249 : DUT = afffffbd, GOLDEN = afffffbd
[PASS] Test 250 : DUT = 7e7d07fa, GOLDEN = 7e7d07fa
[PASS] Test 251 : DUT = 445b6adc, GOLDEN = 445b6adc
[PASS] Test 252 : DUT = 7ffc6ef9, GOLDEN = 7ffc6ef9
[PASS] Test 253 : DUT = 1ffdfdbe, GOLDEN = 1ffdfdbe
[PASS] Test 254 : DUT = 9bfe365b, GOLDEN = 9bfe365b
[PASS] Test 255 : DUT = ef7abf43, GOLDEN = ef7abf43
[PASS] Test 256 : DUT = fddfff5f, GOLDEN = fddfff5f
[PASS] Test 257 : DUT = f7d9fa7f, GOLDEN = f7d9fa7f
[PASS] Test 258 : DUT = 3bfb7bd7, GOLDEN = 3bfb7bd7
[PASS] Test 259 : DUT = 63e5fefe, GOLDEN = 63e5fefe
[PASS] Test 260 : DUT = a6dd66ad, GOLDEN = a6dd66ad
[PASS] Test 261 : DUT = 2dff7aff, GOLDEN = 2dff7aff
[PASS] Test 262 : DUT = ffdf7e6b, GOLDEN = ffdf7e6b
[PASS] Test 263 : DUT = 1d79bffd, GOLDEN = 1d79bffd
[PASS] Test 264 : DUT = fdfb9fff, GOLDEN = fdfb9fff
[PASS] Test 265 : DUT = 2ffb33f6, GOLDEN = 2ffb33f6
[PASS] Test 266 : DUT = 5ff74df7, GOLDEN = 5ff74df7
[PASS] Test 267 : DUT = 7f6c5eb7, GOLDEN = 7f6c5eb7
[PASS] Test 268 : DUT = 762477de, GOLDEN = 762477de
[PASS] Test 269 : DUT = efef4bd9, GOLDEN = efef4bd9
[PASS] Test 270 : DUT = 3febfabf, GOLDEN = 3febfabf
[PASS] Test 271 : DUT = 7fdf7e7f, GOLDEN = 7fdf7e7f
[PASS] Test 272 : DUT = 97777fce, GOLDEN = 97777fce
[PASS] Test 273 : DUT = 1f9b49dd, GOLDEN = 1f9b49dd
[PASS] Test 274 : DUT = dddea5ff, GOLDEN = dddea5ff
[PASS] Test 275 : DUT = 75fedfef, GOLDEN = 75fedfef
[PASS] Test 276 : DUT = 7f7bcffb, GOLDEN = 7f7bcffb
[PASS] Test 277 : DUT = 6fbfff75, GOLDEN = 6fbfff75
[PASS] Test 278 : DUT = 82bf699e, GOLDEN = 82bf699e
[PASS] Test 279 : DUT = cedaffb5, GOLDEN = cedaffb5
[PASS] Test 280 : DUT = b6ffafef, GOLDEN = b6ffafef
[PASS] Test 281 : DUT = 7ed7fdb5, GOLDEN = 7ed7fdb5
[PASS] Test 282 : DUT = 7bd67fb7, GOLDEN = 7bd67fb7
[PASS] Test 283 : DUT = effd3efa, GOLDEN = effd3efa
[PASS] Test 284 : DUT = ef5be777, GOLDEN = ef5be777
[PASS] Test 285 : DUT = 76ab36f7, GOLDEN = 76ab36f7
[PASS] Test 286 : DUT = dffddfdf, GOLDEN = dffddfdf
[PASS] Test 287 : DUT = 49f5fff1, GOLDEN = 49f5fff1
[PASS] Test 288 : DUT = 7fef5fef, GOLDEN = 7fef5fef
[PASS] Test 289 : DUT = 5f9ef7bb, GOLDEN = 5f9ef7bb
[PASS] Test 290 : DUT = d7e9df64, GOLDEN = d7e9df64
[PASS] Test 291 : DUT = fb67d74f, GOLDEN = fb67d74f
[PASS] Test 292 : DUT = 57ef5ffb, GOLDEN = 57ef5ffb
[PASS] Test 293 : DUT = f7fd4be9, GOLDEN = f7fd4be9
[PASS] Test 294 : DUT = febf7afe, GOLDEN = febf7afe
[PASS] Test 295 : DUT = becdef76, GOLDEN = becdef76
[PASS] Test 296 : DUT = bf9d77f7, GOLDEN = bf9d77f7
[PASS] Test 297 : DUT = be3c25bf, GOLDEN = be3c25bf
[PASS] Test 298 : DUT = cdfb5b9d, GOLDEN = cdfb5b9d
[PASS] Test 299 : DUT = 0df7cebe, GOLDEN = 0df7cebe
[PASS] Test 300 : DUT = ffffdfbb, GOLDEN = ffffdfbb
[PASS] Test 301 : DUT = 3def7f6d, GOLDEN = 3def7f6d
[PASS] Test 302 : DUT = 73bffdfb, GOLDEN = 73bffdfb
[PASS] Test 303 : DUT = 7fbbeed3, GOLDEN = 7fbbeed3
[PASS] Test 304 : DUT = 7f672ef9, GOLDEN = 7f672ef9
[PASS] Test 305 : DUT = 7ffadffc, GOLDEN = 7ffadffc
[PASS] Test 306 : DUT = eeeefaf7, GOLDEN = eeeefaf7
[PASS] Test 307 : DUT = 7bbd5bfb, GOLDEN = 7bbd5bfb
[PASS] Test 308 : DUT = 4bf717f5, GOLDEN = 4bf717f5
[PASS] Test 309 : DUT = 7fdd5ffd, GOLDEN = 7fdd5ffd
[PASS] Test 310 : DUT = 79defbee, GOLDEN = 79defbee
[PASS] Test 311 : DUT = f2ebaf75, GOLDEN = f2ebaf75
[PASS] Test 312 : DUT = 7a997fad, GOLDEN = 7a997fad
[PASS] Test 313 : DUT = 4ff7d3b1, GOLDEN = 4ff7d3b1
[PASS] Test 314 : DUT = 676a7f7b, GOLDEN = 676a7f7b
[PASS] Test 315 : DUT = 7eff6df4, GOLDEN = 7eff6df4
[PASS] Test 316 : DUT = efef377d, GOLDEN = efef377d
[PASS] Test 317 : DUT = fedfb94f, GOLDEN = fedfb94f
[PASS] Test 318 : DUT = 4cad5fef, GOLDEN = 4cad5fef
[PASS] Test 319 : DUT = f9b77fde, GOLDEN = f9b77fde
[PASS] Test 320 : DUT = bef65d8f, GOLDEN = bef65d8f
[PASS] Test 321 : DUT = f2bf7ccf, GOLDEN = f2bf7ccf
[PASS] Test 322 : DUT = fde77dff, GOLDEN = fde77dff
[PASS] Test 323 : DUT = fa7fff7b, GOLDEN = fa7fff7b
[PASS] Test 324 : DUT = 4fec74fb, GOLDEN = 4fec74fb
[PASS] Test 325 : DUT = 3eaff5f9, GOLDEN = 3eaff5f9
[PASS] Test 326 : DUT = fdfcefff, GOLDEN = fdfcefff
[PASS] Test 327 : DUT = ddbdff9f, GOLDEN = ddbdff9f
[PASS] Test 328 : DUT = 6db1bdfd, GOLDEN = 6db1bdfd
[PASS] Test 329 : DUT = 6f7f71b7, GOLDEN = 6f7f71b7
[PASS] Test 330 : DUT = ef7febbe, GOLDEN = ef7febbe
[PASS] Test 331 : DUT = f1ed2eab, GOLDEN = f1ed2eab
[PASS] Test 332 : DUT = ebecef9f, GOLDEN = ebecef9f
[PASS] Test 333 : DUT = 7c13bf6e, GOLDEN = 7c13bf6e
[PASS] Test 334 : DUT = 1fff7fdd, GOLDEN = 1fff7fdd
[PASS] Test 335 : DUT = fe7ad576, GOLDEN = fe7ad576
[PASS] Test 336 : DUT = 77edd76f, GOLDEN = 77edd76f
[PASS] Test 337 : DUT = 6fff3b9f, GOLDEN = 6fff3b9f
[PASS] Test 338 : DUT = 35975f5f, GOLDEN = 35975f5f
[PASS] Test 339 : DUT = 2fff2f87, GOLDEN = 2fff2f87
[PASS] Test 340 : DUT = c7eee7df, GOLDEN = c7eee7df
[PASS] Test 341 : DUT = 1ff677f5, GOLDEN = 1ff677f5
[PASS] Test 342 : DUT = 77b79ef5, GOLDEN = 77b79ef5
[PASS] Test 343 : DUT = 73d07f2f, GOLDEN = 73d07f2f
[PASS] Test 344 : DUT = 5f774d37, GOLDEN = 5f774d37
[PASS] Test 345 : DUT = 7fffefa6, GOLDEN = 7fffefa6
[PASS] Test 346 : DUT = 7bebf57c, GOLDEN = 7bebf57c
[PASS] Test 347 : DUT = bb87bb7f, GOLDEN = bb87bb7f
[PASS] Test 348 : DUT = 6eff7dfd, GOLDEN = 6eff7dfd
[PASS] Test 349 : DUT = debf5fd5, GOLDEN = debf5fd5
[PASS] Test 350 : DUT = 74de2f5f, GOLDEN = 74de2f5f
[PASS] Test 351 : DUT = 1b5ef6f7, GOLDEN = 1b5ef6f7
[PASS] Test 352 : DUT = 3c5f7b9d, GOLDEN = 3c5f7b9d
[PASS] Test 353 : DUT = bbdf8f9f, GOLDEN = bbdf8f9f
[PASS] Test 354 : DUT = 73b77fb9, GOLDEN = 73b77fb9
[PASS] Test 355 : DUT = 4beb7d7e, GOLDEN = 4beb7d7e
[PASS] Test 356 : DUT = 5d627f79, GOLDEN = 5d627f79
[PASS] Test 357 : DUT = 7afe5edd, GOLDEN = 7afe5edd
[PASS] Test 358 : DUT = 3bfbeffc, GOLDEN = 3bfbeffc
[PASS] Test 359 : DUT = dffcfebd, GOLDEN = dffcfebd
[PASS] Test 360 : DUT = efb79eb8, GOLDEN = efb79eb8
[PASS] Test 361 : DUT = 9bd73fe7, GOLDEN = 9bd73fe7
[PASS] Test 362 : DUT = bd5faffc, GOLDEN = bd5faffc
[PASS] Test 363 : DUT = fbee7719, GOLDEN = fbee7719
[PASS] Test 364 : DUT = 1f3ffb7f, GOLDEN = 1f3ffb7f
[PASS] Test 365 : DUT = ff455ef1, GOLDEN = ff455ef1
[PASS] Test 366 : DUT = f5ddf9fb, GOLDEN = f5ddf9fb
[PASS] Test 367 : DUT = 7d7e7ff5, GOLDEN = 7d7e7ff5
[PASS] Test 368 : DUT = f7d7e58f, GOLDEN = f7d7e58f
[PASS] Test 369 : DUT = 7ff77eff, GOLDEN = 7ff77eff
[PASS] Test 370 : DUT = 7fbe7f3d, GOLDEN = 7fbe7f3d
[PASS] Test 371 : DUT = b996f373, GOLDEN = b996f373
[PASS] Test 372 : DUT = 6c8ec6ff, GOLDEN = 6c8ec6ff
[PASS] Test 373 : DUT = dfdbffe7, GOLDEN = dfdbffe7
[PASS] Test 374 : DUT = 5b7f371f, GOLDEN = 5b7f371f
[PASS] Test 375 : DUT = 3b9fefef, GOLDEN = 3b9fefef
[PASS] Test 376 : DUT = 7a2edf7f, GOLDEN = 7a2edf7f
[PASS] Test 377 : DUT = fff5bdfe, GOLDEN = fff5bdfe
[PASS] Test 378 : DUT = f2f7c7ff, GOLDEN = f2f7c7ff
[PASS] Test 379 : DUT = 2d273fdf, GOLDEN = 2d273fdf
[PASS] Test 380 : DUT = ffe77943, GOLDEN = ffe77943
[PASS] Test 381 : DUT = fddd6ffe, GOLDEN = fddd6ffe
[PASS] Test 382 : DUT = efadf3d3, GOLDEN = efadf3d3
[PASS] Test 383 : DUT = 0d36737f, GOLDEN = 0d36737f
[PASS] Test 384 : DUT = aff9f9bb, GOLDEN = aff9f9bb
[PASS] Test 385 : DUT = fbd933df, GOLDEN = fbd933df
[PASS] Test 386 : DUT = 5bdf7efb, GOLDEN = 5bdf7efb
[PASS] Test 387 : DUT = d36e7fb6, GOLDEN = d36e7fb6
[PASS] Test 388 : DUT = 63646b9c, GOLDEN = 63646b9c
[PASS] Test 389 : DUT = 7f17db67, GOLDEN = 7f17db67
[PASS] Test 390 : DUT = a7f2797f, GOLDEN = a7f2797f
[PASS] Test 391 : DUT = faf5efb3, GOLDEN = faf5efb3
[PASS] Test 392 : DUT = 6f6d6b5b, GOLDEN = 6f6d6b5b
[PASS] Test 393 : DUT = 3bffff5b, GOLDEN = 3bffff5b
[PASS] Test 394 : DUT = 75fbfb7f, GOLDEN = 75fbfb7f
[PASS] Test 395 : DUT = 76bfbfcd, GOLDEN = 76bfbfcd
[PASS] Test 396 : DUT = fd7ddfef, GOLDEN = fd7ddfef
[PASS] Test 397 : DUT = fcb17b7b, GOLDEN = fcb17b7b
[PASS] Test 398 : DUT = a769739f, GOLDEN = a769739f
[PASS] Test 399 : DUT = bf3b6caf, GOLDEN = bf3b6caf
[PASS] Test 400 : DUT = 27fd7dff, GOLDEN = 27fd7dff
[PASS] Test 401 : DUT = fff7733f, GOLDEN = fff7733f
[PASS] Test 402 : DUT = ad5776e3, GOLDEN = ad5776e3
[PASS] Test 403 : DUT = dfbbeffe, GOLDEN = dfbbeffe
[PASS] Test 404 : DUT = ae7d3dff, GOLDEN = ae7d3dff
[PASS] Test 405 : DUT = 9ab37f4b, GOLDEN = 9ab37f4b
[PASS] Test 406 : DUT = 6fe77b7b, GOLDEN = 6fe77b7b
[PASS] Test 407 : DUT = fcfbd57b, GOLDEN = fcfbd57b
[PASS] Test 408 : DUT = fdf76fdb, GOLDEN = fdf76fdb
[PASS] Test 409 : DUT = 9abddbff, GOLDEN = 9abddbff
[PASS] Test 410 : DUT = 7f76ffeb, GOLDEN = 7f76ffeb
[PASS] Test 411 : DUT = 6d5e7f5f, GOLDEN = 6d5e7f5f
[PASS] Test 412 : DUT = fbff7f3f, GOLDEN = fbff7f3f
[PASS] Test 413 : DUT = f5fd7a49, GOLDEN = f5fd7a49
[PASS] Test 414 : DUT = fdfcba5f, GOLDEN = fdfcba5f
[PASS] Test 415 : DUT = abf9eb73, GOLDEN = abf9eb73
[PASS] Test 416 : DUT = bfdffeff, GOLDEN = bfdffeff
[PASS] Test 417 : DUT = 5bba7ffc, GOLDEN = 5bba7ffc
[PASS] Test 418 : DUT = ee6b3feb, GOLDEN = ee6b3feb
[PASS] Test 419 : DUT = fb756bfb, GOLDEN = fb756bfb
[PASS] Test 420 : DUT = ec7fffad, GOLDEN = ec7fffad
[PASS] Test 421 : DUT = fc7bbae7, GOLDEN = fc7bbae7
[PASS] Test 422 : DUT = ff57bffe, GOLDEN = ff57bffe
[PASS] Test 423 : DUT = f7bf7bdf, GOLDEN = f7bf7bdf
[PASS] Test 424 : DUT = bf375bfc, GOLDEN = bf375bfc
[PASS] Test 425 : DUT = fddfcbe3, GOLDEN = fddfcbe3
[PASS] Test 426 : DUT = 71eb33ff, GOLDEN = 71eb33ff
[PASS] Test 427 : DUT = abffc67e, GOLDEN = abffc67e
[PASS] Test 428 : DUT = f3ae7df3, GOLDEN = f3ae7df3
[PASS] Test 429 : DUT = be227d55, GOLDEN = be227d55
[PASS] Test 430 : DUT = 6967f7fc, GOLDEN = 6967f7fc
[PASS] Test 431 : DUT = 5f6d7fad, GOLDEN = 5f6d7fad
[PASS] Test 432 : DUT = 7fefffda, GOLDEN = 7fefffda
[PASS] Test 433 : DUT = cdb777fe, GOLDEN = cdb777fe
[PASS] Test 434 : DUT = 37ffbeff, GOLDEN = 37ffbeff
[PASS] Test 435 : DUT = d27f7ece, GOLDEN = d27f7ece
[PASS] Test 436 : DUT = b2fedfbf, GOLDEN = b2fedfbf
[PASS] Test 437 : DUT = 7dfb7ee2, GOLDEN = 7dfb7ee2
[PASS] Test 438 : DUT = 7ffb5fcf, GOLDEN = 7ffb5fcf
[PASS] Test 439 : DUT = 6f7e7dd7, GOLDEN = 6f7e7dd7
[PASS] Test 440 : DUT = 3f7bffe9, GOLDEN = 3f7bffe9
[PASS] Test 441 : DUT = 3b57dfc7, GOLDEN = 3b57dfc7
[PASS] Test 442 : DUT = efdb77ef, GOLDEN = efdb77ef
[PASS] Test 443 : DUT = dbb7ffbf, GOLDEN = dbb7ffbf
[PASS] Test 444 : DUT = daebf7e5, GOLDEN = daebf7e5
[PASS] Test 445 : DUT = 77efef76, GOLDEN = 77efef76
[PASS] Test 446 : DUT = 7edcff3b, GOLDEN = 7edcff3b
[PASS] Test 447 : DUT = efdfb0bd, GOLDEN = efdfb0bd
[PASS] Test 448 : DUT = d5cb5fbf, GOLDEN = d5cb5fbf
[PASS] Test 449 : DUT = 6fdffeff, GOLDEN = 6fdffeff
[PASS] Test 450 : DUT = fe9e6faf, GOLDEN = fe9e6faf
[PASS] Test 451 : DUT = 7fffffff, GOLDEN = 7fffffff
[PASS] Test 452 : DUT = 2fa5bfcd, GOLDEN = 2fa5bfcd
[PASS] Test 453 : DUT = 75c77bfb, GOLDEN = 75c77bfb
[PASS] Test 454 : DUT = affbffff, GOLDEN = affbffff
[PASS] Test 455 : DUT = 7bdfebd9, GOLDEN = 7bdfebd9
[PASS] Test 456 : DUT = 66fefaf6, GOLDEN = 66fefaf6
[PASS] Test 457 : DUT = ef6fbfbe, GOLDEN = ef6fbfbe
[PASS] Test 458 : DUT = 7ffa7ed6, GOLDEN = 7ffa7ed6
[PASS] Test 459 : DUT = 767f5ffd, GOLDEN = 767f5ffd
[PASS] Test 460 : DUT = 6ef1fffb, GOLDEN = 6ef1fffb
[PASS] Test 461 : DUT = bbfed73f, GOLDEN = bbfed73f
[PASS] Test 462 : DUT = 59717ee6, GOLDEN = 59717ee6
[PASS] Test 463 : DUT = ebf9fee9, GOLDEN = ebf9fee9
[PASS] Test 464 : DUT = 7fbbf8bf, GOLDEN = 7fbbf8bf
[PASS] Test 465 : DUT = 7dfd7fde, GOLDEN = 7dfd7fde
[PASS] Test 466 : DUT = 79fe76f9, GOLDEN = 79fe76f9
[PASS] Test 467 : DUT = ffd747b3, GOLDEN = ffd747b3
[PASS] Test 468 : DUT = 623dfd3f, GOLDEN = 623dfd3f
[PASS] Test 469 : DUT = 5fe55377, GOLDEN = 5fe55377
[PASS] Test 470 : DUT = dfdf3f7b, GOLDEN = dfdf3f7b
[PASS] Test 471 : DUT = fe7f7bff, GOLDEN = fe7f7bff
[PASS] Test 472 : DUT = 5bfdfff5, GOLDEN = 5bfdfff5
[PASS] Test 473 : DUT = fee94bfd, GOLDEN = fee94bfd
[PASS] Test 474 : DUT = 7f75fbff, GOLDEN = 7f75fbff
[PASS] Test 475 : DUT = e7ff777f, GOLDEN = e7ff777f
[PASS] Test 476 : DUT = 3ee57bff, GOLDEN = 3ee57bff
[PASS] Test 477 : DUT = 7fd3e973, GOLDEN = 7fd3e973
[PASS] Test 478 : DUT = 73cf39c2, GOLDEN = 73cf39c2
[PASS] Test 479 : DUT = bfdedbff, GOLDEN = bfdedbff
[PASS] Test 480 : DUT = ffffdfff, GOLDEN = ffffdfff
[PASS] Test 481 : DUT = 6fdf52fe, GOLDEN = 6fdf52fe
[PASS] Test 482 : DUT = 2f9eaf1f, GOLDEN = 2f9eaf1f
[PASS] Test 483 : DUT = 7b1e36ff, GOLDEN = 7b1e36ff
[PASS] Test 484 : DUT = eeff7fbf, GOLDEN = eeff7fbf
[PASS] Test 485 : DUT = 54fff9d4, GOLDEN = 54fff9d4
[PASS] Test 486 : DUT = dd3f79bf, GOLDEN = dd3f79bf
[PASS] Test 487 : DUT = 96e7bd7c, GOLDEN = 96e7bd7c
[PASS] Test 488 : DUT = f73f7ded, GOLDEN = f73f7ded
[PASS] Test 489 : DUT = 5cefffbd, GOLDEN = 5cefffbd
[PASS] Test 490 : DUT = d7ffab5e, GOLDEN = d7ffab5e
[PASS] Test 491 : DUT = 7b5ff7ff, GOLDEN = 7b5ff7ff
[PASS] Test 492 : DUT = dfc56eb7, GOLDEN = dfc56eb7
[PASS] Test 493 : DUT = 7d97af3c, GOLDEN = 7d97af3c
[PASS] Test 494 : DUT = 7f3f5ca9, GOLDEN = 7f3f5ca9
[PASS] Test 495 : DUT = fdfefcfa, GOLDEN = fdfefcfa
[PASS] Test 496 : DUT = 7d87a6af, GOLDEN = 7d87a6af
[PASS] Test 497 : DUT = 76bf53ef, GOLDEN = 76bf53ef
[PASS] Test 498 : DUT = 76df6bdf, GOLDEN = 76df6bdf
[PASS] Test 499 : DUT = 739fefff, GOLDEN = 739fefff
[PASS] Test 500 : DUT = f5e7fdfa, GOLDEN = f5e7fdfa
[PASS] Test 501 : DUT = 3f423d76, GOLDEN = 3f423d76
[PASS] Test 502 : DUT = fefc7bdf, GOLDEN = fefc7bdf
[PASS] Test 503 : DUT = 7faf5c7f, GOLDEN = 7faf5c7f
[PASS] Test 504 : DUT = 7bb63ffe, GOLDEN = 7bb63ffe
[PASS] Test 505 : DUT = 731e63fb, GOLDEN = 731e63fb
[PASS] Test 506 : DUT = 768bdbb5, GOLDEN = 768bdbb5
[PASS] Test 507 : DUT = dfe66bf5, GOLDEN = dfe66bf5
[PASS] Test 508 : DUT = 7ff73ffe, GOLDEN = 7ff73ffe
[PASS] Test 509 : DUT = 2e5f8f53, GOLDEN = 2e5f8f53
[PASS] Test 510 : DUT = 717effff, GOLDEN = 717effff
[PASS] Test 511 : DUT = ebbb3fde, GOLDEN = ebbb3fde
[PASS] Test 512 : DUT = 77eedce7, GOLDEN = 77eedce7
[PASS] Test 513 : DUT = ffbb7bdf, GOLDEN = ffbb7bdf
[PASS] Test 514 : DUT = 1ef67577, GOLDEN = 1ef67577
[PASS] Test 515 : DUT = 9efbd85b, GOLDEN = 9efbd85b
[PASS] Test 516 : DUT = 3f5a2f7f, GOLDEN = 3f5a2f7f
[PASS] Test 517 : DUT = ff7aa3d2, GOLDEN = ff7aa3d2
[PASS] Test 518 : DUT = fdf6f2ab, GOLDEN = fdf6f2ab
[PASS] Test 519 : DUT = ff77bafc, GOLDEN = ff77bafc
[PASS] Test 520 : DUT = 6ffb7fa9, GOLDEN = 6ffb7fa9
[PASS] Test 521 : DUT = ff0679ff, GOLDEN = ff0679ff
[PASS] Test 522 : DUT = 9a5dcbff, GOLDEN = 9a5dcbff
[PASS] Test 523 : DUT = ffeff753, GOLDEN = ffeff753
[PASS] Test 524 : DUT = f7ebfa37, GOLDEN = f7ebfa37
[PASS] Test 525 : DUT = efeefaff, GOLDEN = efeefaff
[PASS] Test 526 : DUT = 4f7fd3f0, GOLDEN = 4f7fd3f0
[PASS] Test 527 : DUT = edffffe7, GOLDEN = edffffe7
[PASS] Test 528 : DUT = 7fdfa7e7, GOLDEN = 7fdfa7e7
[PASS] Test 529 : DUT = f6b84de1, GOLDEN = f6b84de1
[PASS] Test 530 : DUT = fff3df7d, GOLDEN = fff3df7d
[PASS] Test 531 : DUT = 7effffc7, GOLDEN = 7effffc7
[PASS] Test 532 : DUT = 3edf4f7d, GOLDEN = 3edf4f7d
[PASS] Test 533 : DUT = ffdf6ffd, GOLDEN = ffdf6ffd
[PASS] Test 534 : DUT = ffef6f8a, GOLDEN = ffef6f8a
[PASS] Test 535 : DUT = ed6dffc2, GOLDEN = ed6dffc2
[PASS] Test 536 : DUT = 3fff774d, GOLDEN = 3fff774d
[PASS] Test 537 : DUT = 79b83fff, GOLDEN = 79b83fff
[PASS] Test 538 : DUT = ef7be63f, GOLDEN = ef7be63f
[PASS] Test 539 : DUT = 7faeaefb, GOLDEN = 7faeaefb
[PASS] Test 540 : DUT = 99fedeff, GOLDEN = 99fedeff
[PASS] Test 541 : DUT = 7ebfbd59, GOLDEN = 7ebfbd59
[PASS] Test 542 : DUT = 3fff3fd2, GOLDEN = 3fff3fd2
[PASS] Test 543 : DUT = ae6c6dff, GOLDEN = ae6c6dff
[PASS] Test 544 : DUT = 9cfd4f7f, GOLDEN = 9cfd4f7f
[PASS] Test 545 : DUT = fb7fff7f, GOLDEN = fb7fff7f
[PASS] Test 546 : DUT = 7e777fef, GOLDEN = 7e777fef
[PASS] Test 547 : DUT = bff77ffc, GOLDEN = bff77ffc
[PASS] Test 548 : DUT = dfbbaadf, GOLDEN = dfbbaadf
[PASS] Test 549 : DUT = e7a751bd, GOLDEN = e7a751bd
[PASS] Test 550 : DUT = 9f5f77df, GOLDEN = 9f5f77df
[PASS] Test 551 : DUT = 8fff75df, GOLDEN = 8fff75df
[PASS] Test 552 : DUT = dbffbebb, GOLDEN = dbffbebb
[PASS] Test 553 : DUT = 7d9e677e, GOLDEN = 7d9e677e
[PASS] Test 554 : DUT = 7ffb3dba, GOLDEN = 7ffb3dba
[PASS] Test 555 : DUT = ddfb3ef7, GOLDEN = ddfb3ef7
[PASS] Test 556 : DUT = fbbf3feb, GOLDEN = fbbf3feb
[PASS] Test 557 : DUT = 797f7fbb, GOLDEN = 797f7fbb
[PASS] Test 558 : DUT = e5ff7dbf, GOLDEN = e5ff7dbf
[PASS] Test 559 : DUT = 78f7f5fa, GOLDEN = 78f7f5fa
[PASS] Test 560 : DUT = eaf7f9fd, GOLDEN = eaf7f9fd
[PASS] Test 561 : DUT = fbeffeef, GOLDEN = fbeffeef
[PASS] Test 562 : DUT = e2b97ff7, GOLDEN = e2b97ff7
[PASS] Test 563 : DUT = 7dfb73ff, GOLDEN = 7dfb73ff
[PASS] Test 564 : DUT = 6fbc5bbf, GOLDEN = 6fbc5bbf
[PASS] Test 565 : DUT = b51ed9ff, GOLDEN = b51ed9ff
[PASS] Test 566 : DUT = 5fffbf1f, GOLDEN = 5fffbf1f
[PASS] Test 567 : DUT = fdff5ff9, GOLDEN = fdff5ff9
[PASS] Test 568 : DUT = 77fd3d7a, GOLDEN = 77fd3d7a
[PASS] Test 569 : DUT = 7dcdee67, GOLDEN = 7dcdee67
[PASS] Test 570 : DUT = dfb777af, GOLDEN = dfb777af
[PASS] Test 571 : DUT = 7e77b7fe, GOLDEN = 7e77b7fe
[PASS] Test 572 : DUT = ffffbdff, GOLDEN = ffffbdff
[PASS] Test 573 : DUT = e1ff7fd7, GOLDEN = e1ff7fd7
[PASS] Test 574 : DUT = 7f977579, GOLDEN = 7f977579
[PASS] Test 575 : DUT = 2ffeab3b, GOLDEN = 2ffeab3b
[PASS] Test 576 : DUT = 79fc79df, GOLDEN = 79fc79df
[PASS] Test 577 : DUT = ed9c7ff7, GOLDEN = ed9c7ff7
[PASS] Test 578 : DUT = 77ffbfff, GOLDEN = 77ffbfff
[PASS] Test 579 : DUT = 7cff45eb, GOLDEN = 7cff45eb
[PASS] Test 580 : DUT = fd372fa9, GOLDEN = fd372fa9
[PASS] Test 581 : DUT = 357f3e5f, GOLDEN = 357f3e5f
[PASS] Test 582 : DUT = 79ff3337, GOLDEN = 79ff3337
[PASS] Test 583 : DUT = 8f7f57e4, GOLDEN = 8f7f57e4
[PASS] Test 584 : DUT = fffff87e, GOLDEN = fffff87e
[PASS] Test 585 : DUT = ff71dfff, GOLDEN = ff71dfff
[PASS] Test 586 : DUT = 6bdd7fdb, GOLDEN = 6bdd7fdb
[PASS] Test 587 : DUT = dfbf7bf5, GOLDEN = dfbf7bf5
[PASS] Test 588 : DUT = 5dce7dd7, GOLDEN = 5dce7dd7
[PASS] Test 589 : DUT = 5d9d6fdf, GOLDEN = 5d9d6fdf
[PASS] Test 590 : DUT = 7cbf775f, GOLDEN = 7cbf775f
[PASS] Test 591 : DUT = ebcf88e2, GOLDEN = ebcf88e2
[PASS] Test 592 : DUT = fcbfebbc, GOLDEN = fcbfebbc
[PASS] Test 593 : DUT = 2feb76ef, GOLDEN = 2feb76ef
[PASS] Test 594 : DUT = 7d6ffbe7, GOLDEN = 7d6ffbe7
[PASS] Test 595 : DUT = fffffdbf, GOLDEN = fffffdbf
[PASS] Test 596 : DUT = e63b7fef, GOLDEN = e63b7fef
[PASS] Test 597 : DUT = fcfc6fff, GOLDEN = fcfc6fff
[PASS] Test 598 : DUT = 7f68d271, GOLDEN = 7f68d271
[PASS] Test 599 : DUT = 7ffef4cf, GOLDEN = 7ffef4cf
[PASS] Test 600 : DUT = 4ffe53ea, GOLDEN = 4ffe53ea
[PASS] Test 601 : DUT = 37feddf7, GOLDEN = 37feddf7
[PASS] Test 602 : DUT = 779b7e2f, GOLDEN = 779b7e2f
[PASS] Test 603 : DUT = ffc1d5ec, GOLDEN = ffc1d5ec
[PASS] Test 604 : DUT = 727b77b6, GOLDEN = 727b77b6
[PASS] Test 605 : DUT = 7f75abed, GOLDEN = 7f75abed
[PASS] Test 606 : DUT = 32ff24f7, GOLDEN = 32ff24f7
[PASS] Test 607 : DUT = 7ffff737, GOLDEN = 7ffff737
[PASS] Test 608 : DUT = d5bf4bdd, GOLDEN = d5bf4bdd
[PASS] Test 609 : DUT = 3ff2d79f, GOLDEN = 3ff2d79f
[PASS] Test 610 : DUT = 7f97def7, GOLDEN = 7f97def7
[PASS] Test 611 : DUT = 777e37f7, GOLDEN = 777e37f7
[PASS] Test 612 : DUT = 1ebfe5f6, GOLDEN = 1ebfe5f6
[PASS] Test 613 : DUT = f26feffb, GOLDEN = f26feffb
[PASS] Test 614 : DUT = 7f7f7bbe, GOLDEN = 7f7f7bbe
[PASS] Test 615 : DUT = cadef71b, GOLDEN = cadef71b
[PASS] Test 616 : DUT = 7ff735f7, GOLDEN = 7ff735f7
[PASS] Test 617 : DUT = ffbfb3df, GOLDEN = ffbfb3df
[PASS] Test 618 : DUT = 7774cfeb, GOLDEN = 7774cfeb
[PASS] Test 619 : DUT = bef13efe, GOLDEN = bef13efe
[PASS] Test 620 : DUT = 677ffeaf, GOLDEN = 677ffeaf
[PASS] Test 621 : DUT = 4ffefcff, GOLDEN = 4ffefcff
[PASS] Test 622 : DUT = b7df5dfd, GOLDEN = b7df5dfd
[PASS] Test 623 : DUT = ffbe7b3f, GOLDEN = ffbe7b3f
[PASS] Test 624 : DUT = fbfa7cb5, GOLDEN = fbfa7cb5
[PASS] Test 625 : DUT = f7f3a7e7, GOLDEN = f7f3a7e7
[PASS] Test 626 : DUT = f7bfddfd, GOLDEN = f7bfddfd
[PASS] Test 627 : DUT = 93ef7dfe, GOLDEN = 93ef7dfe
[PASS] Test 628 : DUT = 7eef6fff, GOLDEN = 7eef6fff
[PASS] Test 629 : DUT = 7f773df4, GOLDEN = 7f773df4
[PASS] Test 630 : DUT = ecff57fb, GOLDEN = ecff57fb
[PASS] Test 631 : DUT = d7fefff7, GOLDEN = d7fefff7
[PASS] Test 632 : DUT = 6ff855de, GOLDEN = 6ff855de
[PASS] Test 633 : DUT = fdeb4dd6, GOLDEN = fdeb4dd6
[PASS] Test 634 : DUT = 5fbc7fc6, GOLDEN = 5fbc7fc6
[PASS] Test 635 : DUT = ffefab9f, GOLDEN = ffefab9f
[PASS] Test 636 : DUT = 7efe5347, GOLDEN = 7efe5347
[PASS] Test 637 : DUT = 8fef6f2b, GOLDEN = 8fef6f2b
[PASS] Test 638 : DUT = b3f7fb7f, GOLDEN = b3f7fb7f
[PASS] Test 639 : DUT = a96f797d, GOLDEN = a96f797d
[PASS] Test 640 : DUT = 6bb0bffd, GOLDEN = 6bb0bffd
[PASS] Test 641 : DUT = 6f2a5ddf, GOLDEN = 6f2a5ddf
[PASS] Test 642 : DUT = f1bfefff, GOLDEN = f1bfefff
[PASS] Test 643 : DUT = 639fabd2, GOLDEN = 639fabd2
[PASS] Test 644 : DUT = ee7b7ded, GOLDEN = ee7b7ded
[PASS] Test 645 : DUT = 7ff36bac, GOLDEN = 7ff36bac
[PASS] Test 646 : DUT = 3ffddfd7, GOLDEN = 3ffddfd7
[PASS] Test 647 : DUT = afff7fae, GOLDEN = afff7fae
[PASS] Test 648 : DUT = 7ee7eccf, GOLDEN = 7ee7eccf
[PASS] Test 649 : DUT = 7efff5e3, GOLDEN = 7efff5e3
[PASS] Test 650 : DUT = f4dfdbfe, GOLDEN = f4dfdbfe
[PASS] Test 651 : DUT = b7fc9f75, GOLDEN = b7fc9f75
[PASS] Test 652 : DUT = a2ff6cfb, GOLDEN = a2ff6cfb
[PASS] Test 653 : DUT = 784d8dd7, GOLDEN = 784d8dd7
[PASS] Test 654 : DUT = bf72beff, GOLDEN = bf72beff
[PASS] Test 655 : DUT = baa73973, GOLDEN = baa73973
[PASS] Test 656 : DUT = 7fffcbe9, GOLDEN = 7fffcbe9
[PASS] Test 657 : DUT = c9fb2fbb, GOLDEN = c9fb2fbb
[PASS] Test 658 : DUT = 97fdba7d, GOLDEN = 97fdba7d
[PASS] Test 659 : DUT = ba7fb9f9, GOLDEN = ba7fb9f9
[PASS] Test 660 : DUT = dfbefdbf, GOLDEN = dfbefdbf
[PASS] Test 661 : DUT = 9fd7fef1, GOLDEN = 9fd7fef1
[PASS] Test 662 : DUT = 2d7fd7fe, GOLDEN = 2d7fd7fe
[PASS] Test 663 : DUT = fdef5adf, GOLDEN = fdef5adf
[PASS] Test 664 : DUT = ffefaff9, GOLDEN = ffefaff9
[PASS] Test 665 : DUT = eed34f3d, GOLDEN = eed34f3d
[PASS] Test 666 : DUT = d67965ed, GOLDEN = d67965ed
[PASS] Test 667 : DUT = 76ffe5fb, GOLDEN = 76ffe5fb
[PASS] Test 668 : DUT = 5fefc73d, GOLDEN = 5fefc73d
[PASS] Test 669 : DUT = 7fb79f76, GOLDEN = 7fb79f76
[PASS] Test 670 : DUT = 75b6bfbd, GOLDEN = 75b6bfbd
[PASS] Test 671 : DUT = f3e86b3f, GOLDEN = f3e86b3f
[PASS] Test 672 : DUT = 7d5be7ff, GOLDEN = 7d5be7ff
[PASS] Test 673 : DUT = 79df76f7, GOLDEN = 79df76f7
[PASS] Test 674 : DUT = 5f7fbf8d, GOLDEN = 5f7fbf8d
[PASS] Test 675 : DUT = 7bedf5ef, GOLDEN = 7bedf5ef
[PASS] Test 676 : DUT = 6b3ffee7, GOLDEN = 6b3ffee7
[PASS] Test 677 : DUT = fe7f7e5f, GOLDEN = fe7f7e5f
[PASS] Test 678 : DUT = 3bf7fcbf, GOLDEN = 3bf7fcbf
[PASS] Test 679 : DUT = fe3bfddd, GOLDEN = fe3bfddd
[PASS] Test 680 : DUT = b8b77ee7, GOLDEN = b8b77ee7
[PASS] Test 681 : DUT = 7ff25da7, GOLDEN = 7ff25da7
[PASS] Test 682 : DUT = ef7bdebe, GOLDEN = ef7bdebe
[PASS] Test 683 : DUT = eafe71fd, GOLDEN = eafe71fd
[PASS] Test 684 : DUT = ebe377f7, GOLDEN = ebe377f7
[PASS] Test 685 : DUT = 56cde22f, GOLDEN = 56cde22f
[PASS] Test 686 : DUT = 7be67bfa, GOLDEN = 7be67bfa
[PASS] Test 687 : DUT = fbbbf3ff, GOLDEN = fbbbf3ff
[PASS] Test 688 : DUT = 1ecf0ff7, GOLDEN = 1ecf0ff7
[PASS] Test 689 : DUT = 7fdf67f9, GOLDEN = 7fdf67f9
[PASS] Test 690 : DUT = 67fb5ffa, GOLDEN = 67fb5ffa
[PASS] Test 691 : DUT = 7dbffa26, GOLDEN = 7dbffa26
[PASS] Test 692 : DUT = 684ad7fc, GOLDEN = 684ad7fc
[PASS] Test 693 : DUT = cd7b79f3, GOLDEN = cd7b79f3
[PASS] Test 694 : DUT = abd53f92, GOLDEN = abd53f92
[PASS] Test 695 : DUT = 6d7effee, GOLDEN = 6d7effee
[PASS] Test 696 : DUT = 6f7a7ff7, GOLDEN = 6f7a7ff7
[PASS] Test 697 : DUT = 76c7bf59, GOLDEN = 76c7bf59
[PASS] Test 698 : DUT = 2ff76a7f, GOLDEN = 2ff76a7f
[PASS] Test 699 : DUT = eb9afeef, GOLDEN = eb9afeef
[PASS] Test 700 : DUT = 02fffa7f, GOLDEN = 02fffa7f
[PASS] Test 701 : DUT = 7ffffed9, GOLDEN = 7ffffed9
[PASS] Test 702 : DUT = ffde87eb, GOLDEN = ffde87eb
[PASS] Test 703 : DUT = c7fb5efa, GOLDEN = c7fb5efa
[PASS] Test 704 : DUT = 4fb7ff8b, GOLDEN = 4fb7ff8b
[PASS] Test 705 : DUT = 4dfebbdd, GOLDEN = 4dfebbdd
[PASS] Test 706 : DUT = bfe97be7, GOLDEN = bfe97be7
[PASS] Test 707 : DUT = bfbf4fef, GOLDEN = bfbf4fef
[PASS] Test 708 : DUT = 7fffaddf, GOLDEN = 7fffaddf
[PASS] Test 709 : DUT = e4fe3ddf, GOLDEN = e4fe3ddf
[PASS] Test 710 : DUT = 5ffbbf5b, GOLDEN = 5ffbbf5b
[PASS] Test 711 : DUT = f8bbb7ff, GOLDEN = f8bbb7ff
[PASS] Test 712 : DUT = 5f77ef7b, GOLDEN = 5f77ef7b
[PASS] Test 713 : DUT = fefa57db, GOLDEN = fefa57db
[PASS] Test 714 : DUT = 7af977f9, GOLDEN = 7af977f9
[PASS] Test 715 : DUT = efdd5f77, GOLDEN = efdd5f77
[PASS] Test 716 : DUT = a7fb7cbf, GOLDEN = a7fb7cbf
[PASS] Test 717 : DUT = bf7f2fb5, GOLDEN = bf7f2fb5
[PASS] Test 718 : DUT = 57ff883e, GOLDEN = 57ff883e
[PASS] Test 719 : DUT = 3faed5fe, GOLDEN = 3faed5fe
[PASS] Test 720 : DUT = bffd7ece, GOLDEN = bffd7ece
[PASS] Test 721 : DUT = 5bffe9dd, GOLDEN = 5bffe9dd
[PASS] Test 722 : DUT = 7ddff366, GOLDEN = 7ddff366
[PASS] Test 723 : DUT = fbb3e7fe, GOLDEN = fbb3e7fe
[PASS] Test 724 : DUT = 7b752fb7, GOLDEN = 7b752fb7
[PASS] Test 725 : DUT = beff5ff9, GOLDEN = beff5ff9
[PASS] Test 726 : DUT = 777e6bdf, GOLDEN = 777e6bdf
[PASS] Test 727 : DUT = 592defcb, GOLDEN = 592defcb
[PASS] Test 728 : DUT = df7d7f3d, GOLDEN = df7d7f3d
[PASS] Test 729 : DUT = cffffdef, GOLDEN = cffffdef
[PASS] Test 730 : DUT = e7ff71ef, GOLDEN = e7ff71ef
[PASS] Test 731 : DUT = bfff7fee, GOLDEN = bfff7fee
[PASS] Test 732 : DUT = bdca7ffa, GOLDEN = bdca7ffa
[PASS] Test 733 : DUT = f7f9fdd7, GOLDEN = f7f9fdd7
[PASS] Test 734 : DUT = a79b5b7e, GOLDEN = a79b5b7e
[PASS] Test 735 : DUT = 5eb72754, GOLDEN = 5eb72754
[PASS] Test 736 : DUT = b7ecaffd, GOLDEN = b7ecaffd
[PASS] Test 737 : DUT = 1637ddfb, GOLDEN = 1637ddfb
[PASS] Test 738 : DUT = fd9db3fb, GOLDEN = fd9db3fb
[PASS] Test 739 : DUT = 7f67b7ed, GOLDEN = 7f67b7ed
[PASS] Test 740 : DUT = 0a17f7eb, GOLDEN = 0a17f7eb
[PASS] Test 741 : DUT = 5f68b3b3, GOLDEN = 5f68b3b3
[PASS] Test 742 : DUT = 6fef355c, GOLDEN = 6fef355c
[PASS] Test 743 : DUT = bdefaedb, GOLDEN = bdefaedb
[PASS] Test 744 : DUT = 7b777fde, GOLDEN = 7b777fde
[PASS] Test 745 : DUT = 66e6fa5f, GOLDEN = 66e6fa5f
[PASS] Test 746 : DUT = 7e6c72df, GOLDEN = 7e6c72df
[PASS] Test 747 : DUT = febfef88, GOLDEN = febfef88
[PASS] Test 748 : DUT = 9ef73a35, GOLDEN = 9ef73a35
[PASS] Test 749 : DUT = 99ca6f73, GOLDEN = 99ca6f73
[PASS] Test 750 : DUT = efebdfd6, GOLDEN = efebdfd6
[PASS] Test 751 : DUT = 7b8c89b7, GOLDEN = 7b8c89b7
[PASS] Test 752 : DUT = 7bb97ae7, GOLDEN = 7bb97ae7
[PASS] Test 753 : DUT = 6ffffaff, GOLDEN = 6ffffaff
[PASS] Test 754 : DUT = 7fd9effd, GOLDEN = 7fd9effd
[PASS] Test 755 : DUT = dde75bf6, GOLDEN = dde75bf6
[PASS] Test 756 : DUT = 5ebbfffe, GOLDEN = 5ebbfffe
[PASS] Test 757 : DUT = 9fbe5ed7, GOLDEN = 9fbe5ed7
[PASS] Test 758 : DUT = f9f97f73, GOLDEN = f9f97f73
[PASS] Test 759 : DUT = 7bdd1fa0, GOLDEN = 7bdd1fa0
[PASS] Test 760 : DUT = 67fbfb75, GOLDEN = 67fbfb75
[PASS] Test 761 : DUT = 9d1b7f7f, GOLDEN = 9d1b7f7f
[PASS] Test 762 : DUT = 9fff7d7f, GOLDEN = 9fff7d7f
[PASS] Test 763 : DUT = fdab5c9b, GOLDEN = fdab5c9b
[PASS] Test 764 : DUT = 931f7ef0, GOLDEN = 931f7ef0
[PASS] Test 765 : DUT = 9b97e7fe, GOLDEN = 9b97e7fe
[PASS] Test 766 : DUT = fbfa66f6, GOLDEN = fbfa66f6
[PASS] Test 767 : DUT = d87b3efb, GOLDEN = d87b3efb
[PASS] Test 768 : DUT = 7ee7dbb5, GOLDEN = 7ee7dbb5
[PASS] Test 769 : DUT = 7afbfb9f, GOLDEN = 7afbfb9f
[PASS] Test 770 : DUT = f2dbefd7, GOLDEN = f2dbefd7
[PASS] Test 771 : DUT = 76ff77ff, GOLDEN = 76ff77ff
[PASS] Test 772 : DUT = fc6ffe28, GOLDEN = fc6ffe28
[PASS] Test 773 : DUT = f27fedf6, GOLDEN = f27fedf6
[PASS] Test 774 : DUT = 2d7e7ed7, GOLDEN = 2d7e7ed7
[PASS] Test 775 : DUT = bfec7ebf, GOLDEN = bfec7ebf
[PASS] Test 776 : DUT = 7b2fcfdf, GOLDEN = 7b2fcfdf
[PASS] Test 777 : DUT = a3ce4ebc, GOLDEN = a3ce4ebc
[PASS] Test 778 : DUT = 5dfbf7fb, GOLDEN = 5dfbf7fb
[PASS] Test 779 : DUT = 7efb7bff, GOLDEN = 7efb7bff
[PASS] Test 780 : DUT = f9fbbdff, GOLDEN = f9fbbdff
[PASS] Test 781 : DUT = 776fefaf, GOLDEN = 776fefaf
[PASS] Test 782 : DUT = 7b9f175f, GOLDEN = 7b9f175f
[PASS] Test 783 : DUT = 57f56fdd, GOLDEN = 57f56fdd
[PASS] Test 784 : DUT = f76dffff, GOLDEN = f76dffff
[PASS] Test 785 : DUT = caeeb7ff, GOLDEN = caeeb7ff
[PASS] Test 786 : DUT = 9e7e6fdc, GOLDEN = 9e7e6fdc
[PASS] Test 787 : DUT = 549e7bdf, GOLDEN = 549e7bdf
[PASS] Test 788 : DUT = 2bb27f36, GOLDEN = 2bb27f36
[PASS] Test 789 : DUT = 75ff7fff, GOLDEN = 75ff7fff
[PASS] Test 790 : DUT = c3677c7c, GOLDEN = c3677c7c
[PASS] Test 791 : DUT = 7fefde1f, GOLDEN = 7fefde1f
[PASS] Test 792 : DUT = 7d3eeef3, GOLDEN = 7d3eeef3
[PASS] Test 793 : DUT = f6ff5ffc, GOLDEN = f6ff5ffc
[PASS] Test 794 : DUT = bb9f9ff7, GOLDEN = bb9f9ff7
[PASS] Test 795 : DUT = eeffee7e, GOLDEN = eeffee7e
[PASS] Test 796 : DUT = f99f7fdf, GOLDEN = f99f7fdf
[PASS] Test 797 : DUT = 5adadefd, GOLDEN = 5adadefd
[PASS] Test 798 : DUT = 99cf39dc, GOLDEN = 99cf39dc
[PASS] Test 799 : DUT = 3bf0ffeb, GOLDEN = 3bf0ffeb
[PASS] Test 800 : DUT = faff7b9b, GOLDEN = faff7b9b
[PASS] Test 801 : DUT = 6f7f635f, GOLDEN = 6f7f635f
[PASS] Test 802 : DUT = bd7e56fb, GOLDEN = bd7e56fb
[PASS] Test 803 : DUT = c71751ea, GOLDEN = c71751ea
[PASS] Test 804 : DUT = d1fd777d, GOLDEN = d1fd777d
[PASS] Test 805 : DUT = ff7d53ef, GOLDEN = ff7d53ef
[PASS] Test 806 : DUT = 77fffeef, GOLDEN = 77fffeef
[PASS] Test 807 : DUT = f8bfb3f7, GOLDEN = f8bfb3f7
[PASS] Test 808 : DUT = dc7e66bf, GOLDEN = dc7e66bf
[PASS] Test 809 : DUT = 7f3ff57f, GOLDEN = 7f3ff57f
[PASS] Test 810 : DUT = 46faefcf, GOLDEN = 46faefcf
[PASS] Test 811 : DUT = 7e8eff6b, GOLDEN = 7e8eff6b
[PASS] Test 812 : DUT = e1f6bffe, GOLDEN = e1f6bffe
[PASS] Test 813 : DUT = fe3f768f, GOLDEN = fe3f768f
[PASS] Test 814 : DUT = d7ffe4ff, GOLDEN = d7ffe4ff
[PASS] Test 815 : DUT = 746f7a73, GOLDEN = 746f7a73
[PASS] Test 816 : DUT = 7779f779, GOLDEN = 7779f779
[PASS] Test 817 : DUT = bb3debf7, GOLDEN = bb3debf7
[PASS] Test 818 : DUT = dadbf8fb, GOLDEN = dadbf8fb
[PASS] Test 819 : DUT = 2effdbef, GOLDEN = 2effdbef
[PASS] Test 820 : DUT = ffddcfe7, GOLDEN = ffddcfe7
[PASS] Test 821 : DUT = e9a7b3fb, GOLDEN = e9a7b3fb
[PASS] Test 822 : DUT = 6bff4d6f, GOLDEN = 6bff4d6f
[PASS] Test 823 : DUT = bed5f5fb, GOLDEN = bed5f5fb
[PASS] Test 824 : DUT = b0e3ccef, GOLDEN = b0e3ccef
[PASS] Test 825 : DUT = ffb7fdfc, GOLDEN = ffb7fdfc
[PASS] Test 826 : DUT = cefabfb7, GOLDEN = cefabfb7
[PASS] Test 827 : DUT = 2fdd7fe9, GOLDEN = 2fdd7fe9
[PASS] Test 828 : DUT = e67bfe7f, GOLDEN = e67bfe7f
[PASS] Test 829 : DUT = 9fff5fdf, GOLDEN = 9fff5fdf
[PASS] Test 830 : DUT = dbb9bc7f, GOLDEN = dbb9bc7f
[PASS] Test 831 : DUT = a3afa85d, GOLDEN = a3afa85d
[PASS] Test 832 : DUT = 3ffa7977, GOLDEN = 3ffa7977
[PASS] Test 833 : DUT = 6aeff6ef, GOLDEN = 6aeff6ef
[PASS] Test 834 : DUT = fcdffef6, GOLDEN = fcdffef6
[PASS] Test 835 : DUT = d6ff0fbf, GOLDEN = d6ff0fbf
[PASS] Test 836 : DUT = 715fffde, GOLDEN = 715fffde
[PASS] Test 837 : DUT = ff9e7ede, GOLDEN = ff9e7ede
[PASS] Test 838 : DUT = 7edc7f6f, GOLDEN = 7edc7f6f
[PASS] Test 839 : DUT = 3fdd6e7f, GOLDEN = 3fdd6e7f
[PASS] Test 840 : DUT = fb6e3eb2, GOLDEN = fb6e3eb2
[PASS] Test 841 : DUT = fbff1fd9, GOLDEN = fbff1fd9
[PASS] Test 842 : DUT = 7fefafde, GOLDEN = 7fefafde
[PASS] Test 843 : DUT = fe9fafbd, GOLDEN = fe9fafbd
[PASS] Test 844 : DUT = dcff3fdf, GOLDEN = dcff3fdf
[PASS] Test 845 : DUT = 5bed9aee, GOLDEN = 5bed9aee
[PASS] Test 846 : DUT = 7f7f6779, GOLDEN = 7f7f6779
[PASS] Test 847 : DUT = 7f6bfdb7, GOLDEN = 7f6bfdb7
[PASS] Test 848 : DUT = 7ffb7ffd, GOLDEN = 7ffb7ffd
[PASS] Test 849 : DUT = ff7ff7bf, GOLDEN = ff7ff7bf
[PASS] Test 850 : DUT = 9bde7faf, GOLDEN = 9bde7faf
[PASS] Test 851 : DUT = 7f7ffbbf, GOLDEN = 7f7ffbbf
[PASS] Test 852 : DUT = ef5eeffd, GOLDEN = ef5eeffd
[PASS] Test 853 : DUT = ffee3dc6, GOLDEN = ffee3dc6
[PASS] Test 854 : DUT = e7acffbf, GOLDEN = e7acffbf
[PASS] Test 855 : DUT = f7bcd6f5, GOLDEN = f7bcd6f5
[PASS] Test 856 : DUT = fdffdf5f, GOLDEN = fdffdf5f
[PASS] Test 857 : DUT = bffed157, GOLDEN = bffed157
[PASS] Test 858 : DUT = 4dad7fdf, GOLDEN = 4dad7fdf
[PASS] Test 859 : DUT = df7bb35d, GOLDEN = df7bb35d
[PASS] Test 860 : DUT = ffbb79f6, GOLDEN = ffbb79f6
[PASS] Test 861 : DUT = f6febfb7, GOLDEN = f6febfb7
[PASS] Test 862 : DUT = febf8dff, GOLDEN = febf8dff
[PASS] Test 863 : DUT = 777ebeeb, GOLDEN = 777ebeeb
[PASS] Test 864 : DUT = 7becf7fe, GOLDEN = 7becf7fe
[PASS] Test 865 : DUT = 7f7f9fe7, GOLDEN = 7f7f9fe7
[PASS] Test 866 : DUT = 75f59d3f, GOLDEN = 75f59d3f
[PASS] Test 867 : DUT = ffedeeff, GOLDEN = ffedeeff
[PASS] Test 868 : DUT = ea7e5fdf, GOLDEN = ea7e5fdf
[PASS] Test 869 : DUT = 7e7de3df, GOLDEN = 7e7de3df
[PASS] Test 870 : DUT = 9ff9fefc, GOLDEN = 9ff9fefc
[PASS] Test 871 : DUT = db067edf, GOLDEN = db067edf
[PASS] Test 872 : DUT = ff5b7dff, GOLDEN = ff5b7dff
[PASS] Test 873 : DUT = ff7b15d9, GOLDEN = ff7b15d9
[PASS] Test 874 : DUT = af5573df, GOLDEN = af5573df
[PASS] Test 875 : DUT = 74fb7fe2, GOLDEN = 74fb7fe2
[PASS] Test 876 : DUT = f41f7e5e, GOLDEN = f41f7e5e
[PASS] Test 877 : DUT = 77b97cff, GOLDEN = 77b97cff
[PASS] Test 878 : DUT = ff53aa6f, GOLDEN = ff53aa6f
[PASS] Test 879 : DUT = f75b7d7c, GOLDEN = f75b7d7c
[PASS] Test 880 : DUT = 7e7f7fff, GOLDEN = 7e7f7fff
[PASS] Test 881 : DUT = 7fefdffe, GOLDEN = 7fefdffe
[PASS] Test 882 : DUT = 5f93ffdf, GOLDEN = 5f93ffdf
[PASS] Test 883 : DUT = e7feaf7f, GOLDEN = e7feaf7f
[PASS] Test 884 : DUT = 67d7feb9, GOLDEN = 67d7feb9
[PASS] Test 885 : DUT = 7f3d370d, GOLDEN = 7f3d370d
[PASS] Test 886 : DUT = 7d5a9fbd, GOLDEN = 7d5a9fbd
[PASS] Test 887 : DUT = 7fae7fea, GOLDEN = 7fae7fea
[PASS] Test 888 : DUT = 5c8d7fbe, GOLDEN = 5c8d7fbe
[PASS] Test 889 : DUT = 7ff36b7e, GOLDEN = 7ff36b7e
[PASS] Test 890 : DUT = ffb1ffff, GOLDEN = ffb1ffff
[PASS] Test 891 : DUT = 79f5d6cd, GOLDEN = 79f5d6cd
[PASS] Test 892 : DUT = 36f9beaa, GOLDEN = 36f9beaa
[PASS] Test 893 : DUT = 9f4d6fd7, GOLDEN = 9f4d6fd7
[PASS] Test 894 : DUT = 5effecfd, GOLDEN = 5effecfd
[PASS] Test 895 : DUT = 575752be, GOLDEN = 575752be
[PASS] Test 896 : DUT = 793757ed, GOLDEN = 793757ed
[PASS] Test 897 : DUT = 54fe41bf, GOLDEN = 54fe41bf
[PASS] Test 898 : DUT = fe6cfdf5, GOLDEN = fe6cfdf5
[PASS] Test 899 : DUT = 6f60ed3d, GOLDEN = 6f60ed3d
[PASS] Test 900 : DUT = 4ff75fff, GOLDEN = 4ff75fff
[PASS] Test 901 : DUT = dffdbab3, GOLDEN = dffdbab3
[PASS] Test 902 : DUT = 7efd8cff, GOLDEN = 7efd8cff
[PASS] Test 903 : DUT = ddfdedff, GOLDEN = ddfdedff
[PASS] Test 904 : DUT = 7bdef6bd, GOLDEN = 7bdef6bd
[PASS] Test 905 : DUT = ffeb7dbf, GOLDEN = ffeb7dbf
[PASS] Test 906 : DUT = de6f4fb9, GOLDEN = de6f4fb9
[PASS] Test 907 : DUT = 7da87dbd, GOLDEN = 7da87dbd
[PASS] Test 908 : DUT = 3edfff93, GOLDEN = 3edfff93
[PASS] Test 909 : DUT = ff6d4d5e, GOLDEN = ff6d4d5e
[PASS] Test 910 : DUT = fe5c2cf3, GOLDEN = fe5c2cf3
[PASS] Test 911 : DUT = 3f5bbdfb, GOLDEN = 3f5bbdfb
[PASS] Test 912 : DUT = 4b5da7e7, GOLDEN = 4b5da7e7
[PASS] Test 913 : DUT = 377f0a7f, GOLDEN = 377f0a7f
[PASS] Test 914 : DUT = 7cfff756, GOLDEN = 7cfff756
[PASS] Test 915 : DUT = bfef7a5f, GOLDEN = bfef7a5f
[PASS] Test 916 : DUT = 7f7f64ee, GOLDEN = 7f7f64ee
[PASS] Test 917 : DUT = cf7feffa, GOLDEN = cf7feffa
[PASS] Test 918 : DUT = 771d53ff, GOLDEN = 771d53ff
[PASS] Test 919 : DUT = 470fb7a9, GOLDEN = 470fb7a9
[PASS] Test 920 : DUT = 6abe7fff, GOLDEN = 6abe7fff
[PASS] Test 921 : DUT = 7ebf3bfb, GOLDEN = 7ebf3bfb
[PASS] Test 922 : DUT = f72fb3cd, GOLDEN = f72fb3cd
[PASS] Test 923 : DUT = b7eff8d2, GOLDEN = b7eff8d2
[PASS] Test 924 : DUT = 779aa7fb, GOLDEN = 779aa7fb
[PASS] Test 925 : DUT = 2d6ea76f, GOLDEN = 2d6ea76f
[PASS] Test 926 : DUT = b3f16e57, GOLDEN = b3f16e57
[PASS] Test 927 : DUT = b6f5dfff, GOLDEN = b6f5dfff
[PASS] Test 928 : DUT = fb775fdf, GOLDEN = fb775fdf
[PASS] Test 929 : DUT = 95efffcb, GOLDEN = 95efffcb
[PASS] Test 930 : DUT = 7ae7ffba, GOLDEN = 7ae7ffba
[PASS] Test 931 : DUT = ffdf7fdf, GOLDEN = ffdf7fdf
[PASS] Test 932 : DUT = 95dd5ddf, GOLDEN = 95dd5ddf
[PASS] Test 933 : DUT = 7bdf76f9, GOLDEN = 7bdf76f9
[PASS] Test 934 : DUT = dddfe7bf, GOLDEN = dddfe7bf
[PASS] Test 935 : DUT = f9dbd6fd, GOLDEN = f9dbd6fd
[PASS] Test 936 : DUT = 579f3f3f, GOLDEN = 579f3f3f
[PASS] Test 937 : DUT = 79faa9a7, GOLDEN = 79faa9a7
[PASS] Test 938 : DUT = e5cb7ff9, GOLDEN = e5cb7ff9
[PASS] Test 939 : DUT = ebfdf3ef, GOLDEN = ebfdf3ef
[PASS] Test 940 : DUT = ff7bfb96, GOLDEN = ff7bfb96
[PASS] Test 941 : DUT = 7bbf75ea, GOLDEN = 7bbf75ea
[PASS] Test 942 : DUT = d2edef3e, GOLDEN = d2edef3e
[PASS] Test 943 : DUT = dfcdfde0, GOLDEN = dfcdfde0
[PASS] Test 944 : DUT = 9eb573ff, GOLDEN = 9eb573ff
[PASS] Test 945 : DUT = 653b9c1d, GOLDEN = 653b9c1d
[PASS] Test 946 : DUT = fbf7d57d, GOLDEN = fbf7d57d
[PASS] Test 947 : DUT = bfff7bff, GOLDEN = bfff7bff
[PASS] Test 948 : DUT = efdff5f9, GOLDEN = efdff5f9
[PASS] Test 949 : DUT = 7fe637e7, GOLDEN = 7fe637e7
[PASS] Test 950 : DUT = fcf97bb6, GOLDEN = fcf97bb6
[PASS] Test 951 : DUT = bd789dff, GOLDEN = bd789dff
[PASS] Test 952 : DUT = 75ffff6e, GOLDEN = 75ffff6e
[PASS] Test 953 : DUT = 63737bef, GOLDEN = 63737bef
[PASS] Test 954 : DUT = cdfdfeff, GOLDEN = cdfdfeff
[PASS] Test 955 : DUT = 7f77ff7f, GOLDEN = 7f77ff7f
[PASS] Test 956 : DUT = 6bbd9f1f, GOLDEN = 6bbd9f1f
[PASS] Test 957 : DUT = 7feeefbc, GOLDEN = 7feeefbc
[PASS] Test 958 : DUT = a6be7b8f, GOLDEN = a6be7b8f
[PASS] Test 959 : DUT = 6abf7e77, GOLDEN = 6abf7e77
[PASS] Test 960 : DUT = 43fef5f8, GOLDEN = 43fef5f8
[PASS] Test 961 : DUT = f7afd5cd, GOLDEN = f7afd5cd
[PASS] Test 962 : DUT = 27ff6f95, GOLDEN = 27ff6f95
[PASS] Test 963 : DUT = cfed717f, GOLDEN = cfed717f
[PASS] Test 964 : DUT = daaf977f, GOLDEN = daaf977f
[PASS] Test 965 : DUT = 7fa7fdf5, GOLDEN = 7fa7fdf5
[PASS] Test 966 : DUT = fba6bfff, GOLDEN = fba6bfff
[PASS] Test 967 : DUT = 553dfcef, GOLDEN = 553dfcef
[PASS] Test 968 : DUT = 7ffef7af, GOLDEN = 7ffef7af
[PASS] Test 969 : DUT = fbf56be5, GOLDEN = fbf56be5
[PASS] Test 970 : DUT = fd835dae, GOLDEN = fd835dae
[PASS] Test 971 : DUT = 9f7d277a, GOLDEN = 9f7d277a
[PASS] Test 972 : DUT = 7f457f58, GOLDEN = 7f457f58
[PASS] Test 973 : DUT = cffb7ff7, GOLDEN = cffb7ff7
[PASS] Test 974 : DUT = bd7dbfeb, GOLDEN = bd7dbfeb
[PASS] Test 975 : DUT = f95d67b4, GOLDEN = f95d67b4
[PASS] Test 976 : DUT = 3f0ebbd7, GOLDEN = 3f0ebbd7
[PASS] Test 977 : DUT = dfff777d, GOLDEN = dfff777d
[PASS] Test 978 : DUT = bf352cab, GOLDEN = bf352cab
[PASS] Test 979 : DUT = bffbedff, GOLDEN = bffbedff
[PASS] Test 980 : DUT = 57adcf7b, GOLDEN = 57adcf7b
[PASS] Test 981 : DUT = 3ffb9fbf, GOLDEN = 3ffb9fbf
[PASS] Test 982 : DUT = 77ffbfff, GOLDEN = 77ffbfff
[PASS] Test 983 : DUT = df735fdf, GOLDEN = df735fdf
[PASS] Test 984 : DUT = 75fda7fa, GOLDEN = 75fda7fa
[PASS] Test 985 : DUT = bf1f7fbb, GOLDEN = bf1f7fbb
[PASS] Test 986 : DUT = e2bf7a3f, GOLDEN = e2bf7a3f
[PASS] Test 987 : DUT = 9f9f76bf, GOLDEN = 9f9f76bf
[PASS] Test 988 : DUT = 6dff6cfe, GOLDEN = 6dff6cfe
[PASS] Test 989 : DUT = cfff4d7f, GOLDEN = cfff4d7f
[PASS] Test 990 : DUT = f7fdf7ee, GOLDEN = f7fdf7ee
[PASS] Test 991 : DUT = 7d5fdd7f, GOLDEN = 7d5fdd7f
[PASS] Test 992 : DUT = defb9f3e, GOLDEN = defb9f3e
[PASS] Test 993 : DUT = fdef759b, GOLDEN = fdef759b
[PASS] Test 994 : DUT = fedf5fd7, GOLDEN = fedf5fd7
[PASS] Test 995 : DUT = 6f373de4, GOLDEN = 6f373de4
[PASS] Test 996 : DUT = fffe396f, GOLDEN = fffe396f
[PASS] Test 997 : DUT = 2fae7bfd, GOLDEN = 2fae7bfd
[PASS] Test 998 : DUT = fdbb62ff, GOLDEN = fdbb62ff
[PASS] Test 999 : DUT = bebdfe9b, GOLDEN = bebdfe9b
[PASS] Test 1000 : DUT = 79de7efb, GOLDEN = 79de7efb

============================================================
                H_FUNCTION TEST SUMMARY
============================================================
TOTAL TEST CASES : 1000
PASSED           : 1000
FAILED           : 0
------------------------------------------------------------
FINAL RESULT     : ALL TESTS PASSED
============================================================

$finish called at time : 200115 ns : File "D:/TAI_LIEU/DU_AN_XU_LY_TINHIEU/XU_LY_TIN_HIEU_FPGA/IP_FPGA/H_function/TB/H_function_core_tb.v" Line 398
